==========================================================
  DYNAMIC BUCKET GRID PRIME LANGTON'S ANT ENGINE
  TARGET: 6.4 ARAB STEPS (6400000000 STEPS)
==========================================================
[C++ Engine] Building Bitset Sieve up to 6410000000 steps...
[C++ Engine] Bitset Sieve ready in 48.7919 seconds!
[C++ Engine] Step #77270378 (0.077 Arab) | Pos: (35521, 10963) | Active Cells: 3901578 | Speed: 25747374 steps/sec
[C++ MILESTONE] ⭐ Step #100000000 (10 Crore / 0.10 Arab) | Pos: (38635, 4163) | Dir: 3 | Primes: 5761455 | Active Cells: 4982675
[C++ Engine] 💾 Milestone Snapshot saved safely for Step #100000000 (0.10 Arab)
[C++ Engine] Step #100000000 (0.100 Arab) | Pos: (38635, 4163) | Active Cells: 4982675 | Speed: 15644864 steps/sec
[C++ Engine] Step #180755089 (0.181 Arab) | Pos: (71330, 55761) | Active Cells: 8830529 | Speed: 19245902 steps/sec
[C++ MILESTONE] ⭐ Step #200000000 (20 Crore / 0.20 Arab) | Pos: (91787, 51627) | Dir: 3 | Primes: 11078937 | Active Cells: 9755723
[C++ Engine] 💾 Milestone Snapshot saved safely for Step #200000000 (0.20 Arab)
[C++ Engine] Step #222043657 (0.222 Arab) | Pos: (90315, 43646) | Active Cells: 10785524 | Speed: 17918488 steps/sec
[C++ MILESTONE] ⭐ Step #300000000 (30 Crore / 0.30 Arab) | Pos: (119631, 60435) | Dir: 1 | Primes: 16252325 | Active Cells: 14295871
[C++ Engine] 💾 Milestone Snapshot saved safely for Step #300000000 (0.30 Arab)
[C++ Engine] Step #300000000 (0.300 Arab) | Pos: (119631, 60435) | Active Cells: 14295871 | Speed: 18824905 steps/sec
[C++ Engine] Step #373479656 (0.373 Arab) | Pos: (123523, 48407) | Active Cells: 17461924 | Speed: 19722911 steps/sec
[C++ MILESTONE] ⭐ Step #400000000 (40 Crore / 0.40 Arab) | Pos: (141515, 57111) | Dir: 0 | Primes: 21336326 | Active Cells: 18694984
[C++ Engine] 💾 Milestone Snapshot saved safely for Step #400000000 (0.40 Arab)
[C++ Engine] Step #404314968 (0.404 Arab) | Pos: (131451, 61639) | Active Cells: 18897239 | Speed: 18431290 steps/sec
[C++ Engine] Step #486062401 (0.486 Arab) | Pos: (145356, 48065) | Active Cells: 22534455 | Speed: 19492134 steps/sec
[C++ MILESTONE] ⭐ Step #500000000 (50 Crore / 0.50 Arab) | Pos: (136479, 52615) | Dir: 3 | Primes: 26355867 | Active Cells: 23112253
[C++ Engine] 💾 Milestone Snapshot saved safely for Step #500000000 (0.50 Arab)
[C++ Engine] Step #539670053 (0.540 Arab) | Pos: (135829, 79852) | Active Cells: 24902216 | Speed: 19317854 steps/sec
[C++ MILESTONE] ⭐ Step #600000000 (60 Crore / 0.60 Arab) | Pos: (112659, 110899) | Dir: 1 | Primes: 31324703 | Active Cells: 27611841
[C++ Engine] 💾 Milestone Snapshot saved safely for Step #600000000 (0.60 Arab)
[C++ Engine] Step #600000000 (0.600 Arab) | Pos: (112659, 110899) | Active Cells: 27611841 | Speed: 18739683 steps/sec
[C++ Engine] Step #679185162 (0.679 Arab) | Pos: (125209, 112187) | Active Cells: 31078555 | Speed: 19395527 steps/sec
[C++ MILESTONE] ⭐ Step #700000000 (70 Crore / 0.70 Arab) | Pos: (111187, 105519) | Dir: 3 | Primes: 36252931 | Active Cells: 31970155
[C++ Engine] 💾 Milestone Snapshot saved safely for Step #700000000 (0.70 Arab)
[C++ Engine] Step #722927793 (0.723 Arab) | Pos: (111134, 89149) | Active Cells: 32995179 | Speed: 19015599 steps/sec
[C++ MILESTONE] ⭐ Step #800000000 (80 Crore / 0.80 Arab) | Pos: (78679, 97271) | Dir: 1 | Primes: 41146179 | Active Cells: 36410261
[C++ Engine] 💾 Milestone Snapshot saved safely for Step #800000000 (0.80 Arab)
[C++ Engine] Step #800000000 (0.800 Arab) | Pos: (78679, 97271) | Active Cells: 36410261 | Speed: 18932348 steps/sec
[C++ Engine] Step #878952866 (0.879 Arab) | Pos: (40727, 66945) | Active Cells: 39895157 | Speed: 19421917 steps/sec
[C++ MILESTONE] ⭐ Step #900000000 (90 Crore / 0.90 Arab) | Pos: (7829, 60181) | Dir: 3 | Primes: 46009215 | Active Cells: 40841801
[C++ Engine] 💾 Milestone Snapshot saved safely for Step #900000000 (0.90 Arab)
[C++ Engine] Step #900000000 (0.900 Arab) | Pos: (7829, 60181) | Active Cells: 40841801 | Speed: 17151069 steps/sec
[C++ Engine] Step #977947057 (0.978 Arab) | Pos: (17223, 88340) | Active Cells: 44260830 | Speed: 17628652 steps/sec
[C++ MILESTONE] ⭐ Step #1000000000 (100 Crore / 1.00 Arab) | Pos: (-8949, 90855) | Dir: 2 | Primes: 50847534 | Active Cells: 45242658
[C++ Engine] 💾 Milestone Snapshot saved safely for Step #1000000000 (1.00 Arab)
[C++ Engine] Step #1021872872 (1.022 Arab) | Pos: (-34597, 75767) | Active Cells: 46210053 | Speed: 17475421 steps/sec
[C++ MILESTONE] ⭐ Step #1100000000 (110 Crore / 1.10 Arab) | Pos: (-32259, 85441) | Dir: 0 | Primes: 55662470 | Active Cells: 49622962
[C++ Engine] 💾 Milestone Snapshot saved safely for Step #1100000000 (1.10 Arab)
[C++ Engine] Step #1100000000 (1.100 Arab) | Pos: (-32259, 85441) | Active Cells: 49622962 | Speed: 17510889 steps/sec
[C++ Engine] Step #1153195318 (1.153 Arab) | Pos: (-41589, 86093) | Active Cells: 51878936 | Speed: 17520957 steps/sec
[C++ MILESTONE] ⭐ Step #1200000000 (120 Crore / 1.20 Arab) | Pos: (-78607, 84889) | Dir: 1 | Primes: 60454705 | Active Cells: 53911017
[C++ Engine] 💾 Milestone Snapshot saved safely for Step #1200000000 (1.20 Arab)
[C++ Engine] Step #1200000000 (1.200 Arab) | Pos: (-78607, 84889) | Active Cells: 53911017 | Speed: 16445346 steps/sec
[C++ Engine] Step #1276475050 (1.276 Arab) | Pos: (-64517, 90069) | Active Cells: 57100734 | Speed: 16802584 steps/sec
[C++ MILESTONE] ⭐ Step #1300000000 (130 Crore / 1.30 Arab) | Pos: (-75217, 105431) | Dir: 1 | Primes: 65228333 | Active Cells: 58106143
[C++ Engine] 💾 Milestone Snapshot saved safely for Step #1300000000 (1.30 Arab)
[C++ Engine] Step #1300000000 (1.300 Arab) | Pos: (-75217, 105431) | Active Cells: 58106143 | Speed: 15623518 steps/sec
[C++ Engine] Step #1378833067 (1.379 Arab) | Pos: (-68183, 73614) | Active Cells: 61417494 | Speed: 15994279 steps/sec
[C++ MILESTONE] ⭐ Step #1400000000 (140 Crore / 1.40 Arab) | Pos: (-61239, 90329) | Dir: 3 | Primes: 69985473 | Active Cells: 62251645
[C++ Engine] 💾 Milestone Snapshot saved safely for Step #1400000000 (1.40 Arab)
[C++ Engine] Step #1406255610 (1.406 Arab) | Pos: (-59025, 81905) | Active Cells: 62508837 | Speed: 15763803 steps/sec
[C++ Engine] Step #1484142694 (1.484 Arab) | Pos: (-55161, 71121) | Active Cells: 65747998 | Speed: 16095614 steps/sec
[C++ MILESTONE] ⭐ Step #1500000000 (150 Crore / 1.50 Arab) | Pos: (-62031, 64209) | Dir: 0 | Primes: 74726528 | Active Cells: 66398584
[C++ Engine] 💾 Milestone Snapshot saved safely for Step #1500000000 (1.50 Arab)
[C++ Engine] Step #1508992477 (1.509 Arab) | Pos: (-72189, 69328) | Active Cells: 66787546 | Speed: 15849447 steps/sec
[C++ Engine] Step #1585138901 (1.585 Arab) | Pos: (-75451, 31860) | Active Cells: 70107422 | Speed: 16140647 steps/sec
[C++ MILESTONE] ⭐ Step #1600000000 (160 Crore / 1.60 Arab) | Pos: (-60817, 21683) | Dir: 1 | Primes: 79451833 | Active Cells: 70756545
[C++ Engine] 💾 Milestone Snapshot saved safely for Step #1600000000 (1.60 Arab)
[C++ Engine] Step #1600000000 (1.600 Arab) | Pos: (-60817, 21683) | Active Cells: 70756545 | Speed: 15430268 steps/sec
[C++ Engine] Step #1679901037 (1.680 Arab) | Pos: (-62231, 38112) | Active Cells: 74065754 | Speed: 15745288 steps/sec
[C++ MILESTONE] ⭐ Step #1700000000 (170 Crore / 1.70 Arab) | Pos: (-63671, 46229) | Dir: 3 | Primes: 84163019 | Active Cells: 74899617
[C++ Engine] 💾 Milestone Snapshot saved safely for Step #1700000000 (1.70 Arab)
[C++ Engine] Step #1700000000 (1.700 Arab) | Pos: (-63671, 46229) | Active Cells: 74899617 | Speed: 15491560 steps/sec
[C++ Engine] Step #1777121075 (1.777 Arab) | Pos: (-102925, 82476) | Active Cells: 78198772 | Speed: 15763399 steps/sec
[C++ MILESTONE] ⭐ Step #1800000000 (180 Crore / 1.80 Arab) | Pos: (-97019, 96661) | Dir: 0 | Primes: 88862422 | Active Cells: 79191736
[C++ Engine] 💾 Milestone Snapshot saved safely for Step #1800000000 (1.80 Arab)
[C++ Engine] Step #1800000000 (1.800 Arab) | Pos: (-97019, 96661) | Active Cells: 79191736 | Speed: 15528110 steps/sec
[C++ Engine] Step #1878267497 (1.878 Arab) | Pos: (-140643, 113684) | Active Cells: 82553112 | Speed: 15794537 steps/sec
[C++ MILESTONE] ⭐ Step #1900000000 (190 Crore / 1.90 Arab) | Pos: (-162097, 102803) | Dir: 2 | Primes: 93547928 | Active Cells: 83470192
[C++ Engine] 💾 Milestone Snapshot saved safely for Step #1900000000 (1.90 Arab)
[C++ Engine] Step #1900000000 (1.900 Arab) | Pos: (-162097, 102803) | Active Cells: 83470192 | Speed: 15564796 steps/sec
[C++ Engine] Step #1977494700 (1.977 Arab) | Pos: (-118069, 125847) | Active Cells: 86748602 | Speed: 15811060 steps/sec
[C++ MILESTONE] ⭐ Step #2000000000 (200 Crore / 2.00 Arab) | Pos: (-96293, 124799) | Dir: 1 | Primes: 98222287 | Active Cells: 87712063
[C++ Engine] 💾 Milestone Snapshot saved safely for Step #2000000000 (2.00 Arab)
[C++ Engine] Step #2000000000 (2.000 Arab) | Pos: (-96293, 124799) | Active Cells: 87712063 | Speed: 15471878 steps/sec
[C++ Engine] Step #2053120850 (2.053 Arab) | Pos: (-104509, 148361) | Active Cells: 89929860 | Speed: 15522572 steps/sec
[C++ MILESTONE] ⭐ Step #2100000000 (210 Crore / 2.10 Arab) | Pos: (-88591, 132257) | Dir: 2 | Primes: 102886526 | Active Cells: 91916372
[C++ Engine] 💾 Milestone Snapshot saved safely for Step #2100000000 (2.10 Arab)
[C++ Engine] Step #2100000000 (2.100 Arab) | Pos: (-88591, 132257) | Active Cells: 91916372 | Speed: 15050855 steps/sec
[C++ Engine] Step #2177618939 (2.178 Arab) | Pos: (-73439, 161974) | Active Cells: 95184106 | Speed: 15278646 steps/sec
[C++ MILESTONE] ⭐ Step #2200000000 (220 Crore / 2.20 Arab) | Pos: (-87613, 147435) | Dir: 0 | Primes: 107540122 | Active Cells: 96074954
[C++ Engine] 💾 Milestone Snapshot saved safely for Step #2200000000 (2.20 Arab)
[C++ Engine] Step #2200000000 (2.200 Arab) | Pos: (-87613, 147435) | Active Cells: 96074954 | Speed: 14688098 steps/sec
[C++ Engine] Step #2277658241 (2.278 Arab) | Pos: (-23257, 164882) | Active Cells: 99363204 | Speed: 14907981 steps/sec
[C++ MILESTONE] ⭐ Step #2300000000 (230 Crore / 2.30 Arab) | Pos: (-19689, 158507) | Dir: 0 | Primes: 112184940 | Active Cells: 100292484
[C++ Engine] 💾 Milestone Snapshot saved safely for Step #2300000000 (2.30 Arab)
[C++ Engine] Step #2300000000 (2.300 Arab) | Pos: (-19689, 158507) | Active Cells: 100292484 | Speed: 14686560 steps/sec
[C++ Engine] Step #2376119727 (2.376 Arab) | Pos: (-7237, 169710) | Active Cells: 103491654 | Speed: 14887430 steps/sec
[C++ MILESTONE] ⭐ Step #2400000000 (240 Crore / 2.40 Arab) | Pos: (-11257, 144915) | Dir: 1 | Primes: 116818447 | Active Cells: 104500201
[C++ Engine] 💾 Milestone Snapshot saved safely for Step #2400000000 (2.40 Arab)
[C++ Engine] Step #2400000000 (2.400 Arab) | Pos: (-11257, 144915) | Active Cells: 104500201 | Speed: 14533737 steps/sec
[C++ Engine] Step #2477515731 (2.478 Arab) | Pos: (-34536, 189743) | Active Cells: 107604091 | Speed: 14735449 steps/sec
[C++ MILESTONE] ⭐ Step #2500000000 (250 Crore / 2.50 Arab) | Pos: (-17969, 138703) | Dir: 1 | Primes: 121443371 | Active Cells: 108574187
[C++ Engine] 💾 Milestone Snapshot saved safely for Step #2500000000 (2.50 Arab)
[C++ Engine] Step #2500000000 (2.500 Arab) | Pos: (-17969, 138703) | Active Cells: 108574187 | Speed: 14524860 steps/sec
[C++ Engine] Step #2577259931 (2.577 Arab) | Pos: (-5584, 143189) | Active Cells: 111703125 | Speed: 14717217 steps/sec
[C++ MILESTONE] ⭐ Step #2600000000 (260 Crore / 2.60 Arab) | Pos: (-14241, 130879) | Dir: 1 | Primes: 126062167 | Active Cells: 112620323
[C++ Engine] 💾 Milestone Snapshot saved safely for Step #2600000000 (2.60 Arab)
[C++ Engine] Step #2600000000 (2.600 Arab) | Pos: (-14241, 130879) | Active Cells: 112620323 | Speed: 14405613 steps/sec
[C++ Engine] Step #2679267560 (2.679 Arab) | Pos: (-15249, 153363) | Active Cells: 115822760 | Speed: 14602090 steps/sec
[C++ MILESTONE] ⭐ Step #2700000000 (270 Crore / 2.70 Arab) | Pos: (-21941, 139623) | Dir: 0 | Primes: 130670192 | Active Cells: 116603586
[C++ Engine] 💾 Milestone Snapshot saved safely for Step #2700000000 (2.70 Arab)
[C++ Engine] Step #2700000000 (2.700 Arab) | Pos: (-21941, 139623) | Active Cells: 116603586 | Speed: 14416453 steps/sec
[C++ Engine] Step #2779602025 (2.780 Arab) | Pos: (-50398, 143755) | Active Cells: 119785835 | Speed: 14607496 steps/sec
[C++ MILESTONE] ⭐ Step #2800000000 (280 Crore / 2.80 Arab) | Pos: (-33677, 134063) | Dir: 2 | Primes: 135270258 | Active Cells: 120644808
[C++ Engine] 💾 Milestone Snapshot saved safely for Step #2800000000 (2.80 Arab)
[C++ Engine] Step #2800000000 (2.800 Arab) | Pos: (-33677, 134063) | Active Cells: 120644808 | Speed: 14418140 steps/sec
[C++ Engine] Step #2875330271 (2.875 Arab) | Pos: (-27191, 109198) | Active Cells: 123777074 | Speed: 14580796 steps/sec
[C++ MILESTONE] ⭐ Step #2900000000 (290 Crore / 2.90 Arab) | Pos: (-44023, 85277) | Dir: 1 | Primes: 139864011 | Active Cells: 124757039
[C++ Engine] 💾 Milestone Snapshot saved safely for Step #2900000000 (2.90 Arab)
[C++ Engine] Step #2900000000 (2.900 Arab) | Pos: (-44023, 85277) | Active Cells: 124757039 | Speed: 14072317 steps/sec
[C++ Engine] Step #2976575239 (2.977 Arab) | Pos: (-47128, 101879) | Active Cells: 127749627 | Speed: 14236649 steps/sec
[C++ MILESTONE] ⭐ Step #3000000000 (300 Crore / 3.00 Arab) | Pos: (-59251, 91665) | Dir: 1 | Primes: 144449537 | Active Cells: 128653773
[C++ Engine] 💾 Milestone Snapshot saved safely for Step #3000000000 (3.00 Arab)
[C++ Engine] Step #3000000000 (3.000 Arab) | Pos: (-59251, 91665) | Active Cells: 128653773 | Speed: 14058688 steps/sec
[C++ Engine] Step #3076558343 (3.077 Arab) | Pos: (-82319, 92668) | Active Cells: 131614176 | Speed: 14217578 steps/sec
[C++ MILESTONE] ⭐ Step #3100000000 (310 Crore / 3.10 Arab) | Pos: (-90309, 79339) | Dir: 3 | Primes: 149028641 | Active Cells: 132581219
[C++ Engine] 💾 Milestone Snapshot saved safely for Step #3100000000 (3.10 Arab)
[C++ Engine] Step #3100000000 (3.100 Arab) | Pos: (-90309, 79339) | Active Cells: 132581219 | Speed: 13998314 steps/sec
[C++ Engine] Step #3129574277 (3.130 Arab) | Pos: (-106154, 81909) | Active Cells: 133811229 | Speed: 13942977 steps/sec
[C++ MILESTONE] ⭐ Step #3200000000 (320 Crore / 3.20 Arab) | Pos: (-94457, 105343) | Dir: 1 | Primes: 153600805 | Active Cells: 136607869
[C++ Engine] 💾 Milestone Snapshot saved safely for Step #3200000000 (3.20 Arab)
[C++ Engine] Step #3200000000 (3.200 Arab) | Pos: (-94457, 105343) | Active Cells: 136607869 | Speed: 13811728 steps/sec
[C++ Engine] Step #3232706123 (3.233 Arab) | Pos: (-77974, 101883) | Active Cells: 137834525 | Speed: 13774533 steps/sec
[C++ MILESTONE] ⭐ Step #3300000000 (330 Crore / 3.30 Arab) | Pos: (-108069, 84819) | Dir: 3 | Primes: 158165829 | Active Cells: 140452579
[C++ Engine] 💾 Milestone Snapshot saved safely for Step #3300000000 (3.30 Arab)
[C++ Engine] Step #3300000000 (3.300 Arab) | Pos: (-108069, 84819) | Active Cells: 140452579 | Speed: 13642252 steps/sec
[C++ Engine] Step #3376647641 (3.377 Arab) | Pos: (-80491, 73658) | Active Cells: 143374494 | Speed: 13788114 steps/sec
[C++ MILESTONE] ⭐ Step #3400000000 (340 Crore / 3.40 Arab) | Pos: (-81031, 93625) | Dir: 2 | Primes: 162725196 | Active Cells: 144260288
[C++ Engine] 💾 Milestone Snapshot saved safely for Step #3400000000 (3.40 Arab)
[C++ Engine] Step #3400000000 (3.400 Arab) | Pos: (-81031, 93625) | Active Cells: 144260288 | Speed: 13482940 steps/sec
[C++ Engine] Step #3476192647 (3.476 Arab) | Pos: (-57677, 99646) | Active Cells: 147047496 | Speed: 13623018 steps/sec
[C++ MILESTONE] ⭐ Step #3500000000 (350 Crore / 3.50 Arab) | Pos: (-42381, 92327) | Dir: 3 | Primes: 167279333 | Active Cells: 147932421
[C++ Engine] 💾 Milestone Snapshot saved safely for Step #3500000000 (3.50 Arab)
[C++ Engine] Step #3500000000 (3.500 Arab) | Pos: (-42381, 92327) | Active Cells: 147932421 | Speed: 13415304 steps/sec
[C++ Engine] Step #3577396477 (3.577 Arab) | Pos: (19160, 126049) | Active Cells: 151052495 | Speed: 13556081 steps/sec
[C++ MILESTONE] ⭐ Step #3600000000 (360 Crore / 3.60 Arab) | Pos: (31917, 115973) | Dir: 0 | Primes: 171827136 | Active Cells: 152011992
[C++ Engine] 💾 Milestone Snapshot saved safely for Step #3600000000 (3.60 Arab)
[C++ Engine] Step #3600000000 (3.600 Arab) | Pos: (31917, 115973) | Active Cells: 152011992 | Speed: 13351196 steps/sec
[C++ Engine] Step #3677000673 (3.677 Arab) | Pos: (22463, 153538) | Active Cells: 155205504 | Speed: 13486713 steps/sec
[C++ MILESTONE] ⭐ Step #3700000000 (370 Crore / 3.70 Arab) | Pos: (31341, 174653) | Dir: 3 | Primes: 176369517 | Active Cells: 156175455
[C++ Engine] 💾 Milestone Snapshot saved safely for Step #3700000000 (3.70 Arab)
[C++ Engine] Step #3700000000 (3.700 Arab) | Pos: (31341, 174653) | Active Cells: 156175455 | Speed: 13079322 steps/sec
[C++ Engine] Step #3778255583 (3.778 Arab) | Pos: (-23332, 180513) | Active Cells: 159446073 | Speed: 13215800 steps/sec
[C++ MILESTONE] ⭐ Step #3800000000 (380 Crore / 3.80 Arab) | Pos: (-46677, 179575) | Dir: 0 | Primes: 180906194 | Active Cells: 160354978
[C++ Engine] 💾 Milestone Snapshot saved safely for Step #3800000000 (3.80 Arab)
[C++ Engine] Step #3800000000 (3.800 Arab) | Pos: (-46677, 179575) | Active Cells: 160354978 | Speed: 13032312 steps/sec
[C++ Engine] Step #3878090477 (3.878 Arab) | Pos: (-72312, 171089) | Active Cells: 163559403 | Speed: 13164680 steps/sec
[C++ MILESTONE] ⭐ Step #3900000000 (390 Crore / 3.90 Arab) | Pos: (-74181, 180099) | Dir: 3 | Primes: 185436625 | Active Cells: 164442729
[C++ Engine] 💾 Milestone Snapshot saved safely for Step #3900000000 (3.90 Arab)
[C++ Engine] Step #3900000000 (3.900 Arab) | Pos: (-74181, 180099) | Active Cells: 164442729 | Speed: 12855985 steps/sec
[C++ Engine] Step #3978364129 (3.978 Arab) | Pos: (-68694, 180627) | Active Cells: 167632557 | Speed: 12985885 steps/sec
[C++ MILESTONE] ⭐ Step #4000000000 (400 Crore / 4.00 Arab) | Pos: (-57453, 182671) | Dir: 0 | Primes: 189961812 | Active Cells: 168507188
[C++ Engine] 💾 Milestone Snapshot saved safely for Step #4000000000 (4.00 Arab)
[C++ Engine] Step #4000000000 (4.000 Arab) | Pos: (-57453, 182671) | Active Cells: 168507188 | Speed: 12810570 steps/sec
[C++ Engine] Step #4078300211 (4.078 Arab) | Pos: (-90754, 162811) | Active Cells: 171585931 | Speed: 12937039 steps/sec
[C++ MILESTONE] ⭐ Step #4100000000 (410 Crore / 4.10 Arab) | Pos: (-91355, 166505) | Dir: 3 | Primes: 194481069 | Active Cells: 172428345
[C++ Engine] 💾 Milestone Snapshot saved safely for Step #4100000000 (4.10 Arab)
[C++ Engine] Step #4100000000 (4.100 Arab) | Pos: (-91355, 166505) | Active Cells: 172428345 | Speed: 12764033 steps/sec
[C++ Engine] Step #4179217657 (4.179 Arab) | Pos: (-72050, 187755) | Active Cells: 175607967 | Speed: 12890262 steps/sec
[C++ MILESTONE] ⭐ Step #4200000000 (420 Crore / 4.20 Arab) | Pos: (-67769, 199559) | Dir: 3 | Primes: 198996103 | Active Cells: 176417443
[C++ Engine] 💾 Milestone Snapshot saved safely for Step #4200000000 (4.20 Arab)
[C++ Engine] Step #4200000000 (4.200 Arab) | Pos: (-67769, 199559) | Active Cells: 176417443 | Speed: 12571726 steps/sec
[C++ Engine] Step #4277939043 (4.278 Arab) | Pos: (-93512, 201319) | Active Cells: 179583539 | Speed: 12691055 steps/sec
[C++ MILESTONE] ⭐ Step #4300000000 (430 Crore / 4.30 Arab) | Pos: (-90599, 194605) | Dir: 2 | Primes: 203507248 | Active Cells: 180502806
[C++ Engine] 💾 Milestone Snapshot saved safely for Step #4300000000 (4.30 Arab)
[C++ Engine] Step #4300000000 (4.300 Arab) | Pos: (-90599, 194605) | Active Cells: 180502806 | Speed: 12487697 steps/sec
[C++ Engine] Step #4377771355 (4.378 Arab) | Pos: (-53028, 150885) | Active Cells: 183566787 | Speed: 12603746 steps/sec
[C++ MILESTONE] ⭐ Step #4400000000 (440 Crore / 4.40 Arab) | Pos: (-51785, 159351) | Dir: 2 | Primes: 208013454 | Active Cells: 184472122
[C++ Engine] 💾 Milestone Snapshot saved safely for Step #4400000000 (4.40 Arab)
[C++ Engine] Step #4400000000 (4.400 Arab) | Pos: (-51785, 159351) | Active Cells: 184472122 | Speed: 12409318 steps/sec
[C++ Engine] Step #4478376639 (4.478 Arab) | Pos: (-20016, 147437) | Active Cells: 187495623 | Speed: 12524396 steps/sec
[C++ MILESTONE] ⭐ Step #4500000000 (450 Crore / 4.50 Arab) | Pos: (-29139, 126237) | Dir: 1 | Primes: 212514323 | Active Cells: 188313667
[C++ Engine] 💾 Milestone Snapshot saved safely for Step #4500000000 (4.50 Arab)
[C++ Engine] Step #4500000000 (4.500 Arab) | Pos: (-29139, 126237) | Active Cells: 188313667 | Speed: 12364809 steps/sec
[C++ Engine] Step #4576365943 (4.576 Arab) | Pos: (-28280, 108507) | Active Cells: 191157483 | Speed: 12471834 steps/sec
[C++ MILESTONE] ⭐ Step #4600000000 (460 Crore / 4.60 Arab) | Pos: (-36331, 109653) | Dir: 1 | Primes: 217011319 | Active Cells: 192077379
[C++ Engine] 💾 Milestone Snapshot saved safely for Step #4600000000 (4.60 Arab)
[C++ Engine] Step #4600000000 (4.600 Arab) | Pos: (-36331, 109653) | Active Cells: 192077379 | Speed: 12309124 steps/sec
[C++ Engine] Step #4676066772 (4.676 Arab) | Pos: (-44283, 137237) | Active Cells: 194935217 | Speed: 12413023 steps/sec
[C++ MILESTONE] ⭐ Step #4700000000 (470 Crore / 4.70 Arab) | Pos: (-74025, 142823) | Dir: 3 | Primes: 221504167 | Active Cells: 195911487
[C++ Engine] 💾 Milestone Snapshot saved safely for Step #4700000000 (4.70 Arab)
[C++ Engine] Step #4700000000 (4.700 Arab) | Pos: (-74025, 142823) | Active Cells: 195911487 | Speed: 12251931 steps/sec
[C++ Engine] Step #4776390653 (4.776 Arab) | Pos: (-68552, 147101) | Active Cells: 198966733 | Speed: 12354449 steps/sec
[C++ MILESTONE] ⭐ Step #4800000000 (480 Crore / 4.80 Arab) | Pos: (-61375, 133837) | Dir: 3 | Primes: 225991743 | Active Cells: 199844859
[C++ Engine] 💾 Milestone Snapshot saved safely for Step #4800000000 (4.80 Arab)
[C++ Engine] Step #4800000000 (4.800 Arab) | Pos: (-61375, 133837) | Active Cells: 199844859 | Speed: 12194156 steps/sec
[C++ Engine] Step #4876627337 (4.877 Arab) | Pos: (-52598, 142563) | Active Cells: 202690043 | Speed: 12295118 steps/sec
[C++ MILESTONE] ⭐ Step #4900000000 (490 Crore / 4.90 Arab) | Pos: (-67701, 162659) | Dir: 3 | Primes: 230475545 | Active Cells: 203533351
[C++ Engine] 💾 Milestone Snapshot saved safely for Step #4900000000 (4.90 Arab)
[C++ Engine] Step #4900000000 (4.900 Arab) | Pos: (-67701, 162659) | Active Cells: 203533351 | Speed: 12075262 steps/sec
[C++ Engine] Step #4974914933 (4.975 Arab) | Pos: (-39212, 164597) | Active Cells: 206405299 | Speed: 12169906 steps/sec
[C++ MILESTONE] ⭐ Step #5000000000 (500 Crore / 5.00 Arab) | Pos: (-35983, 159753) | Dir: 3 | Primes: 234954223 | Active Cells: 207371393
[C++ Engine] 💾 Milestone Snapshot saved safely for Step #5000000000 (5.00 Arab)
[C++ Engine] Step #5000000000 (5.000 Arab) | Pos: (-35983, 159753) | Active Cells: 207371393 | Speed: 12017802 steps/sec
[C++ Engine] Step #5077448632 (5.077 Arab) | Pos: (-29819, 216021) | Active Cells: 210505831 | Speed: 12116585 steps/sec
[C++ MILESTONE] ⭐ Step #5100000000 (510 Crore / 5.10 Arab) | Pos: (-46301, 221763) | Dir: 3 | Primes: 239429993 | Active Cells: 211409443
[C++ Engine] 💾 Milestone Snapshot saved safely for Step #5100000000 (5.10 Arab)
[C++ Engine] Step #5100000000 (5.100 Arab) | Pos: (-46301, 221763) | Active Cells: 211409443 | Speed: 11964252 steps/sec
[C++ Engine] Step #5177554887 (5.178 Arab) | Pos: (-40773, 271214) | Active Cells: 214600418 | Speed: 12061306 steps/sec
[C++ MILESTONE] ⭐ Step #5200000000 (520 Crore / 5.20 Arab) | Pos: (-20565, 265699) | Dir: 2 | Primes: 243902342 | Active Cells: 215518632
[C++ Engine] 💾 Milestone Snapshot saved safely for Step #5200000000 (5.20 Arab)
[C++ Engine] Step #5200000000 (5.200 Arab) | Pos: (-20565, 265699) | Active Cells: 215518632 | Speed: 11775294 steps/sec
[C++ Engine] Step #5276944163 (5.277 Arab) | Pos: (-41808, 301319) | Active Cells: 218676565 | Speed: 11868902 steps/sec
[C++ MILESTONE] ⭐ Step #5300000000 (530 Crore / 5.30 Arab) | Pos: (-21977, 295727) | Dir: 0 | Primes: 248370960 | Active Cells: 219601392
[C++ Engine] 💾 Milestone Snapshot saved safely for Step #5300000000 (5.30 Arab)
[C++ Engine] Step #5300000000 (5.300 Arab) | Pos: (-21977, 295727) | Active Cells: 219601392 | Speed: 11598224 steps/sec
[C++ Engine] Step #5375937520 (5.376 Arab) | Pos: (-37759, 271497) | Active Cells: 222557319 | Speed: 11687672 steps/sec
[C++ MILESTONE] ⭐ Step #5400000000 (540 Crore / 5.40 Arab) | Pos: (-44883, 270001) | Dir: 3 | Primes: 252834065 | Active Cells: 223478355
[C++ Engine] 💾 Milestone Snapshot saved safely for Step #5400000000 (5.40 Arab)
[C++ Engine] Step #5400000000 (5.400 Arab) | Pos: (-44883, 270001) | Active Cells: 223478355 | Speed: 11547314 steps/sec
[C++ Engine] Step #5477056249 (5.477 Arab) | Pos: (-27318, 272741) | Active Cells: 226577055 | Speed: 11637434 steps/sec
[C++ MILESTONE] ⭐ Step #5500000000 (550 Crore / 5.50 Arab) | Pos: (-27715, 287581) | Dir: 2 | Primes: 257294520 | Active Cells: 227472192
[C++ Engine] 💾 Milestone Snapshot saved safely for Step #5500000000 (5.50 Arab)
[C++ Engine] Step #5500000000 (5.500 Arab) | Pos: (-27715, 287581) | Active Cells: 227472192 | Speed: 11499900 steps/sec
[C++ Engine] Step #5576929187 (5.577 Arab) | Pos: (-58057, 275536) | Active Cells: 230551482 | Speed: 11588062 steps/sec
[C++ MILESTONE] ⭐ Step #5600000000 (560 Crore / 5.60 Arab) | Pos: (-63851, 262317) | Dir: 2 | Primes: 261751864 | Active Cells: 231502060
[C++ Engine] 💾 Milestone Snapshot saved safely for Step #5600000000 (5.60 Arab)
[C++ Engine] Step #5600000000 (5.600 Arab) | Pos: (-63851, 262317) | Active Cells: 231502060 | Speed: 11452886 steps/sec
[C++ Engine] Step #5676740113 (5.677 Arab) | Pos: (-52450, 269703) | Active Cells: 234611745 | Speed: 11539034 steps/sec
[C++ MILESTONE] ⭐ Step #5700000000 (570 Crore / 5.70 Arab) | Pos: (-39703, 289001) | Dir: 2 | Primes: 266206294 | Active Cells: 235475874
[C++ Engine] 💾 Milestone Snapshot saved safely for Step #5700000000 (5.70 Arab)
[C++ Engine] Step #5700000000 (5.700 Arab) | Pos: (-39703, 289001) | Active Cells: 235475874 | Speed: 11402909 steps/sec
[C++ Engine] Step #5776452574 (5.776 Arab) | Pos: (4569, 275091) | Active Cells: 238540994 | Speed: 11486915 steps/sec
[C++ MILESTONE] ⭐ Step #5800000000 (580 Crore / 5.80 Arab) | Pos: (33565, 277637) | Dir: 0 | Primes: 270655552 | Active Cells: 239518640
[C++ Engine] 💾 Milestone Snapshot saved safely for Step #5800000000 (5.80 Arab)
[C++ Engine] Step #5800000000 (5.800 Arab) | Pos: (33565, 277637) | Active Cells: 239518640 | Speed: 11299689 steps/sec
[C++ Engine] Step #5876316133 (5.876 Arab) | Pos: (40294, 269043) | Active Cells: 242638745 | Speed: 11381847 steps/sec
[C++ MILESTONE] ⭐ Step #5900000000 (590 Crore / 5.90 Arab) | Pos: (30913, 293981) | Dir: 3 | Primes: 275101551 | Active Cells: 243589649
[C++ Engine] 💾 Milestone Snapshot saved safely for Step #5900000000 (5.90 Arab)
[C++ Engine] Step #5900000000 (5.900 Arab) | Pos: (30913, 293981) | Active Cells: 243589649 | Speed: 11160560 steps/sec
[C++ Engine] Step #5976421463 (5.976 Arab) | Pos: (28335, 240748) | Active Cells: 246636576 | Speed: 11241327 steps/sec
[C++ MILESTONE] ⭐ Step #6000000000 (600 Crore / 6.00 Arab) | Pos: (32791, 254723) | Dir: 2 | Primes: 279545368 | Active Cells: 247594562
[C++ Engine] 💾 Milestone Snapshot saved safely for Step #6000000000 (6.00 Arab)
[C++ Engine] Step #6000000000 (6.000 Arab) | Pos: (32791, 254723) | Active Cells: 247594562 | Speed: 11029286 steps/sec
[C++ Engine] Step #6054282107 (6.054 Arab) | Pos: (17650, 265347) | Active Cells: 249756485 | Speed: 11068012 steps/sec
[C++ Engine] Step #6063953681 (6.064 Arab) | Pos: (17350, 264533) | Active Cells: 250131807 | Speed: 11025089 steps/sec
[C++ MILESTONE] ⭐ Step #6100000000 (610 Crore / 6.10 Arab) | Pos: (15305, 273185) | Dir: 0 | Primes: 283984956 | Active Cells: 251528504
[C++ Engine] 💾 Milestone Snapshot saved safely for Step #6100000000 (6.10 Arab)
[C++ Engine] Step #6100000000 (6.100 Arab) | Pos: (15305, 273185) | Active Cells: 251528504 | Speed: 10893146 steps/sec
[C++ Engine] Step #6177218129 (6.177 Arab) | Pos: (-10698, 253399) | Active Cells: 254599289 | Speed: 10972257 steps/sec
[C++ MILESTONE] ⭐ Step #6200000000 (620 Crore / 6.20 Arab) | Pos: (-32773, 257819) | Dir: 3 | Primes: 288422869 | Active Cells: 255526935
[C++ Engine] 💾 Milestone Snapshot saved safely for Step #6200000000 (6.20 Arab)
[C++ Engine] Step #6200000000 (6.200 Arab) | Pos: (-32773, 257819) | Active Cells: 255526935 | Speed: 10837215 steps/sec
[C++ Engine] Step #6277410115 (6.277 Arab) | Pos: (-53455, 261904) | Active Cells: 258496200 | Speed: 10915285 steps/sec
[C++ MILESTONE] ⭐ Step #6300000000 (630 Crore / 6.30 Arab) | Pos: (-32201, 264415) | Dir: 1 | Primes: 292856421 | Active Cells: 259356639
[C++ Engine] 💾 Milestone Snapshot saved safely for Step #6300000000 (6.30 Arab)
[C++ Engine] Step #6300000000 (6.300 Arab) | Pos: (-32201, 264415) | Active Cells: 259356639 | Speed: 10769580 steps/sec
[C++ Engine] Step #6378632989 (6.379 Arab) | Pos: (-49624, 263785) | Active Cells: 262301933 | Speed: 10848366 steps/sec
[C++ MILESTONE] ⭐ Step #6400000000 (640 Crore / 6.40 Arab) | Pos: (-23215, 262353) | Dir: 0 | Primes: 297285198 | Active Cells: 263078440
[C++ Engine] 💾 Milestone Snapshot saved safely for Step #6400000000 (6.40 Arab)
[C++ Engine] Step #6400000000 (6.400 Arab) | Pos: (-23215, 262353) | Active Cells: 263078440 | Speed: 10723841 steps/sec
==========================================================
[C++ Engine] 🎉 REACHED TARGET STEP 6400000000 (6.4 ARAB) SUCCESSFULLY!
  Final Step: 6400000000
  Ant Pos: (-23215, 262353)
  Total Primes Encountered: 297285198
  Active Cells: 263078440
  Total Axis Crossings: 8117
  Max Return Gap: 1976228922 steps (From #3764698239 to #5740927161)
  Total Simulation Time: 596.801 seconds (1.07238e+07 steps/sec)
==========================================================
[C++ Engine] Simulation Batch Complete!
